Deprecated: use `dune build' directly
* Run_cmd 'dune build ./' (ok)
