* Is_file? config.ml -> true
* Is_file? dune-project -> false
* Is_file? dune-project -> false
* Write to dune-project (47 bytes)
* Is_file? dune-workspace -> false
* Write to dune-workspace (65 bytes)
* Is_file? dune -> true
* Read dune (221 bytes)
* Run_cmd 'dune build ./config.exe --root .' (ok)
* Is_file? test.context -> false
* Run_cmd_cli './_build/default/./config.exe clean a b c --dry-run' (ok)
* Get_var INSIDE_FUNCTORIA_TESTS -> <not set>
* Run_cmd 'dune clean' (ok)
* Ls ./ (2 entries)
* Is_file? dune-project -> true
* Read dune-project (47 bytes)
* Rm dune-project (removed)
* Is_file? dune-workspace -> true
* Read dune-workspace (65 bytes)
* Rm dune-workspace (removed)
* Rm test.context (no-op)
* Is_file? dune -> true
* Read dune (221 bytes)
