$(dune build ./config.exe --root .)
$(dune clean)
