opam-version: "2.0"
name: "noop"
maintainer: "dummy"
authors: "dummy"
homepage: "dummy"
bug-reports: "dummy"
dev-repo: "git://dummy"
synopsis: "Unikernel noop - main opam file"
description: """
It assumes that local dependencies are already
fetched.
"""

build: [
  [ "mirage" "configure" "--target=hvt" ]
  [ "mirage" "build" ]
]

install: [
  [ "cp" "dist/noop.hvt" "%{bin}%/noop.hvt" ]
]

depends: [
  "ocaml-freestanding" { build }
]

