opam-version: "2.0"
name: "noop"
maintainer: "dummy"
authors: "dummy"
homepage: "dummy"
bug-reports: "dummy"
dev-repo: "git://dummy"
synopsis: "Unikernel noop - local dependencies"

depends: [
  "lwt"
  "mirage" { build & >= "4.0.0" & < "4.1.0" }
  "mirage-bootvar-unix" { >= "0.1.0" & < "0.2.0" }
  "mirage-clock-unix" { >= "3.0.0" & < "4.0.0" }
  "mirage-logs" { >= "1.2.0" & < "2.0.0" }
  "mirage-runtime" { >= "4.0.0" & < "4.1.0" }
  "mirage-unix" { >= "5.0.0" & < "6.0.0" }
  "ocaml" { build & >= "4.08.0" }
]

