opam-version: "2.0"
name: "noop"
maintainer: "dummy"
authors: "dummy"
homepage: "dummy"
bug-reports: "dummy"
dev-repo: "git+https://example.com/nonexistent"
synopsis: "This is a dummy"

build: [
  [ "mirage" "configure" ]
  [ "opam" "monorepo" "lock" ]
  [ "opam" "monorepo" "pull" ]
  [ "dune" "build" "-p" name "-j" jobs ]
]

depends: [
  "lwt" { !(?build-context & build-context) }
  "mirage" { !(?build-context & build-context) & build & >= "4.0.0" & < "4.1.0" }
  "mirage-bootvar-unix" { !(?build-context & build-context) & >= "0.1.0" & < "0.2.0" }
  "mirage-clock-unix" { !(?build-context & build-context) & >= "3.0.0" & < "4.0.0" }
  "mirage-logs" { !(?build-context & build-context) & >= "1.2.0" & < "2.0.0" }
  "mirage-runtime" { !(?build-context & build-context) & >= "4.0.0" & < "4.1.0" }
  "mirage-unix" { !(?build-context & build-context) & >= "5.0.0" & < "6.0.0" }
  "ocaml" { !(?build-context & build-context) & build & >= "4.08.0" }
]

