"lwt"
"mirage" { build & >= "4.0.0" & < "4.1.0" }
"mirage-bootvar-solo5" { >= "0.6.0" & < "0.7.0" }
"mirage-clock-freestanding" { >= "3.1.0" & < "4.0.0" }
"mirage-logs" { >= "1.2.0" & < "2.0.0" }
"mirage-runtime" { >= "4.0.0" & < "4.1.0" }
"mirage-solo5" { >= "0.7.0" & < "0.8.0" }
"ocaml" { build & >= "4.08.0" }
"ocaml-freestanding" { build }
"solo5-bindings-hvt" { build }
