(lang dune 2.0)

(context (default))

(profile release)

(context (default
  (name mirage-hvt)
  (host default)
  (toolchain freestanding)
  (disable_dynamically_linked_foreign_archives true)
  (env (_ (
    c_flags (:include foo/hvt-cflags.sxp)
  )))
  ))
