(lang dune 2.7)

(name noop-hvt)

(implicit_transitive_deps true)
