(lang dune 2.7)

(name noop-unix)

(implicit_transitive_deps true)
