-include Makefile.user

UNIKERNEL_NAME = noop
OPAM = opam

.PHONY: all depend depends clean build

all:: build

depend depends::$(UNIKERNEL_NAME).opam.locked
	$(OPAM) monorepo pull

$(UNIKERNEL_NAME).opam.locked: $(UNIKERNEL_NAME).opam
	$(OPAM) install ./$(UNIKERNEL_NAME)-install.opam --deps-only --yes
	$(OPAM) monorepo lock --build-only $(UNIKERNEL_NAME)

build::
	dune build

clean::
	mirage clean
