-include Makefile.user

UNIKERNEL_NAME = noop
OPAM = opam

.PHONY: all depend depends clean build repo-add repo-rm depext

repo-add:
	$(OPAM) repo add mirage-tmp URL ||\
	$(OPAM) repo set-url mirage-tmp URL

repo-rm:
	$(OPAM) repo remove mirage-tmp

depext:
	$(OPAM) pin add -k path --no-action --yes $(UNIKERNEL_NAME)-install .
	$(OPAM) depext --yes --update $(UNIKERNEL_NAME)-install
	$(OPAM) pin remove --no-action $(UNIKERNEL_NAME)-install

all:: build

depend depends::$(UNIKERNEL_NAME).opam.locked
	$(OPAM) monorepo pull

$(UNIKERNEL_NAME).opam.locked: $(UNIKERNEL_NAME).opam
	$(MAKE) depext
	$(OPAM) install ./$(UNIKERNEL_NAME)-install.opam --deps-only --yes
	$(MAKE) repo-add
	$(OPAM) monorepo lock --build-only $(UNIKERNEL_NAME) && $(MAKE) repo-rm || (ret=$?; $(MAKE) repo-rm && exit $ret)

build::
	dune build

clean::
	mirage clean
